<html>
<body>
<pre>
<h1>礦ision Build Log</h1>
<h2>Project:</h2>
E:\快盘\野火M3-V3光盘资料\2-程序\第三部分-库开发中级篇\野火M3-双CAN通讯\CAN从机\USER\STM32-DEMO.uvproj
Project File Date:  06/16/2012

<h2>Output:</h2>
Build target 'Target 1'
assembling startup_stm32f10x_hd.s...
compiling main.c...
compiling stm32f10x_it.c...
compiling can.c...
compiling usart1.c...
compiling misc.c...
compiling stm32f10x_can.c...
compiling stm32f10x_gpio.c...
compiling stm32f10x_rcc.c...
compiling stm32f10x_usart.c...
compiling core_cm3.c...
compiling system_stm32f10x.c...
linking...
Program Size: Code=8468 RO-data=336 RW-data=48 ZI-data=1064  
"..\Output\STM32-DEMO.axf" - 0 Error(s), 0 Warning(s).
